Detected cluster: FIR
Detected cluster: FIR
created virtual environment CPython3.12.4.final.0-64 in 29766ms
  creator CPython3Posix(dest=/localscratch/indrisch.49709270.0/venv_rxr, clear=False, no_vcs_ignore=False, global=False)
  seeder FromAppData(download=False, pip=bundle, via=copy, app_data_dir=/home/indrisch/.local/share/virtualenv)
    added seed packages: pip==26.1.2
  activators BashActivator,CShellActivator,FishActivator,NushellActivator,PowerShellActivator,PythonActivator
Looking in links: /cvmfs/soft.computecanada.ca/custom/python/wheelhouse/gentoo2023/x86-64-v4, /cvmfs/soft.computecanada.ca/custom/python/wheelhouse/gentoo2023/x86-64-v3, /cvmfs/soft.computecanada.ca/custom/python/wheelhouse/gentoo2023/generic, /cvmfs/soft.computecanada.ca/custom/python/wheelhouse/generic
Requirement already satisfied: pip in /localscratch/indrisch.49709270.0/venv_rxr/lib/python3.12/site-packages (26.1.2)
Processing /cvmfs/soft.computecanada.ca/custom/python/wheelhouse/generic/pip-26.1.2+computecanada-py3-none-any.whl
Processing /cvmfs/soft.computecanada.ca/custom/python/wheelhouse/generic/setuptools-83.0.0+computecanada-py3-none-any.whl
Processing /cvmfs/soft.computecanada.ca/custom/python/wheelhouse/generic/wheel-0.46.3+computecanada-py3-none-any.whl
Requirement already satisfied: packaging>=24.0 in /cvmfs/soft.computecanada.ca/easybuild/software/2023/x86-64-v4/Compiler/gcccore/scipy-stack/2026a/lib/python3.12/site-packages (from wheel) (26.0+computecanada)
Installing collected packages: wheel, setuptools, pip
  Attempting uninstall: pip
    Found existing installation: pip 26.1.2
    Uninstalling pip-26.1.2:
      Successfully uninstalled pip-26.1.2

Successfully installed pip-26.1.2+computecanada setuptools-83.0.0+computecanada wheel-0.46.3+computecanada
Looking in links: /cvmfs/soft.computecanada.ca/custom/python/wheelhouse/gentoo2023/x86-64-v4, /cvmfs/soft.computecanada.ca/custom/python/wheelhouse/gentoo2023/x86-64-v3, /cvmfs/soft.computecanada.ca/custom/python/wheelhouse/gentoo2023/generic, /cvmfs/soft.computecanada.ca/custom/python/wheelhouse/generic
Requirement already satisfied: numpy in /cvmfs/soft.computecanada.ca/easybuild/software/2023/x86-64-v4/Compiler/gcccore/scipy-stack/2026a/lib/python3.12/site-packages (2.4.2+computecanada)
Processing /cvmfs/soft.computecanada.ca/custom/python/wheelhouse/gentoo2023/x86-64-v3/torch-2.13.0+computecanada-cp312-cp312-linux_x86_64.whl
Requirement already satisfied: pyarrow in /cvmfs/soft.computecanada.ca/easybuild/software/2023/x86-64-v4/Compiler/gcccore/arrow/25.0.0/lib/python3.12/site-packages (25.0.0)
Processing /cvmfs/soft.computecanada.ca/custom/python/wheelhouse/gentoo2023/x86-64-v3/h5py-3.16.0+computecanada-cp312-cp312-linux_x86_64.whl
Requirement already satisfied: opencv-python in /cvmfs/soft.computecanada.ca/easybuild/software/2023/x86-64-v4/CUDA/gcc12/cuda12.6/opencv/4.12.0/lib/python3.12/site-packages (4.12.0)
Processing /cvmfs/soft.computecanada.ca/custom/python/wheelhouse/generic/huggingface_hub-1.24.0+computecanada-py3-none-any.whl
Processing /cvmfs/soft.computecanada.ca/custom/python/wheelhouse/generic/tqdm-4.69.0+computecanada-py3-none-any.whl
Requirement already satisfied: pillow in /cvmfs/soft.computecanada.ca/easybuild/software/2023/x86-64-v4/Compiler/gcccore/scipy-stack/2026a/lib/python3.12/site-packages (12.1.0+computecanada)
Processing /cvmfs/soft.computecanada.ca/custom/python/wheelhouse/generic/filelock-3.31.1+computecanada-py3-none-any.whl (from torch)
Processing /cvmfs/soft.computecanada.ca/custom/python/wheelhouse/generic/typing_extensions-4.16.0+computecanada-py3-none-any.whl (from torch)
Requirement already satisfied: setuptools>=77.0.3 in /localscratch/indrisch.49709270.0/venv_rxr/lib/python3.12/site-packages (from torch) (83.0.0+computecanada)
Requirement already satisfied: sympy>=1.13.3 in /cvmfs/soft.computecanada.ca/easybuild/software/2023/x86-64-v4/Compiler/gcccore/scipy-stack/2026a/lib/python3.12/site-packages (from torch) (1.14.0+computecanada)
Processing /cvmfs/soft.computecanada.ca/custom/python/wheelhouse/generic/networkx-3.6.1+computecanada-py3-none-any.whl (from torch)
Processing /cvmfs/soft.computecanada.ca/custom/python/wheelhouse/generic/jinja2-3.1.6+computecanada-py3-none-any.whl (from torch)
Processing /cvmfs/soft.computecanada.ca/custom/python/wheelhouse/generic/fsspec-2026.6.0+computecanada-py3-none-any.whl (from torch)
Processing /cvmfs/soft.computecanada.ca/custom/python/wheelhouse/generic/click-8.4.2+computecanada-py3-none-any.whl (from huggingface_hub)
Processing /cvmfs/soft.computecanada.ca/custom/python/wheelhouse/generic/hf_xet-1.5.2+computecanada-cp38-abi3-linux_x86_64.whl (from huggingface_hub)
Processing /cvmfs/soft.computecanada.ca/custom/python/wheelhouse/generic/httpx-0.28.1+computecanada-py3-none-any.whl (from huggingface_hub)
Requirement already satisfied: packaging>=20.9 in /cvmfs/soft.computecanada.ca/easybuild/software/2023/x86-64-v4/Compiler/gcccore/scipy-stack/2026a/lib/python3.12/site-packages (from huggingface_hub) (26.0+computecanada)
Processing /cvmfs/soft.computecanada.ca/custom/python/wheelhouse/generic/pyyaml-6.0.3+computecanada-cp312-cp312-linux_x86_64.whl (from huggingface_hub)
Processing /cvmfs/soft.computecanada.ca/custom/python/wheelhouse/generic/anyio-4.14.2+computecanada-py3-none-any.whl (from httpx<1,>=0.23.0->huggingface_hub)
Processing /cvmfs/soft.computecanada.ca/custom/python/wheelhouse/generic/certifi-2026.6.17+computecanada-py3-none-any.whl (from httpx<1,>=0.23.0->huggingface_hub)
Processing /cvmfs/soft.computecanada.ca/custom/python/wheelhouse/generic/httpcore-1.0.9+computecanada-py3-none-any.whl (from httpx<1,>=0.23.0->huggingface_hub)
Processing /cvmfs/soft.computecanada.ca/custom/python/wheelhouse/generic/idna-3.18+computecanada-py3-none-any.whl (from httpx<1,>=0.23.0->huggingface_hub)
Processing /cvmfs/soft.computecanada.ca/custom/python/wheelhouse/generic/h11-0.16.0+computecanada-py3-none-any.whl (from httpcore==1.*->httpx<1,>=0.23.0->huggingface_hub)
Requirement already satisfied: mpmath<1.4,>=1.1.0 in /cvmfs/soft.computecanada.ca/easybuild/software/2023/x86-64-v4/Compiler/gcccore/scipy-stack/2026a/lib/python3.12/site-packages (from sympy>=1.13.3->torch) (1.3.0+computecanada)
Processing /cvmfs/soft.computecanada.ca/custom/python/wheelhouse/generic/markupsafe-3.0.3+computecanada-cp312-cp312-linux_x86_64.whl (from jinja2->torch)
Installing collected packages: typing-extensions, tqdm, pyyaml, networkx, MarkupSafe, idna, hf-xet, h5py, h11, fsspec, filelock, click, certifi, jinja2, httpcore, anyio, torch, httpx, huggingface_hub

Successfully installed MarkupSafe-3.0.3+computecanada anyio-4.14.2+computecanada certifi-2026.6.17+computecanada click-8.4.2+computecanada filelock-3.31.1+computecanada fsspec-2026.6.0+computecanada h11-0.16.0+computecanada h5py-3.16.0+computecanada hf-xet-1.5.2+computecanada httpcore-1.0.9+computecanada httpx-0.28.1+computecanada huggingface_hub-1.24.0+computecanada idna-3.18+computecanada jinja2-3.1.6+computecanada networkx-3.6.1+computecanada pyyaml-6.0.3+computecanada torch-2.13.0+computecanada tqdm-4.69.0+computecanada typing-extensions-4.16.0+computecanada
Venv path: /localscratch/indrisch.49709270.0/venv_rxr/
/scratch/indrisch/RxR/scripts/create_entryjson_RxR_multinode.py:3: SyntaxWarning: invalid escape sequence '\d'
  """ Amalgamator script so that we can create a single rxr.json file to use to direct filename queries to the correct existing node_{\d}_rxr_{train|val_seen|val_unseen}.json files.
usage: create_entryjson_RxR_multinode.py [-h] --input_dataset INPUT_DATASET
create_entryjson_RxR_multinode.py: error: the following arguments are required: --input_dataset
srun: error: fc30343: task 0: Exited with exit code 2
srun: Terminating StepId=49709270.0
